// Vitest Snapshot v1, https://vitest.dev/guide/snapshot.html

exports[`renders input right 1`] = `
<div>
  <div
    class="textInputContainer"
  >
    <label
      for="nombre"
    >
      Nombre
      *
      <input
        id="nombre"
        name="nombre"
        required=""
        type="text"
        value=""
      />
    </label>
  </div>
</div>
`;
